<html>
<body>
<pre>
<h1>µVision Build Log</h1>
<h2>Tool Versions:</h2>
IDE-Version: £gVision V5.35.0.0
Copyright (C) 2021 ARM Ltd and ARM Germany GmbH. All rights reserved.
License Information:  ,  , LIC=----
 
Tool Versions:
Toolchain:       MDK-Lite  Version: 5.35.0.2
Toolchain Path:  C:\Keil_v5\ARM\ARMCC\Bin
C Compiler:      Armcc.exe V5.06 update 7 (build 960)
Assembler:       Armasm.exe V5.06 update 7 (build 960)
Linker/Locator:  ArmLink.exe V5.06 update 7 (build 960)
Library Manager: ArmAr.exe V5.06 update 7 (build 960)
Hex Converter:   FromElf.exe V5.06 update 7 (build 960)
CPU DLL:         SARMCM3.DLL V5.35.0.2
Dialog DLL:      DARMCM1.DLL V1.19.4.0
Target DLL:      Nu_Link.dll V3.07
Dialog DLL:      TARMCM1.DLL V1.14.4.0
 
<h2>Project:</h2>
C:\Users\User\Desktop\lab9-2\SampleCode\Nu-LB-NUC140\VR_ADC_LCD\KEIL\Nu-LB-NUC140_LCD.uvproj
Project File Date:  12/01/2022

<h2>Output:</h2>
*** Using Compiler 'V5.06 update 7 (build 960)', folder: 'C:\Keil_v5\ARM\ARMCC\Bin'
Rebuild target 'LCD'
assembling startup_NUC100Series.s...
creating preprocessor file for sys.c...
creating preprocessor file for adc.c...
creating preprocessor file for pwm.c...
creating preprocessor file for uart.c...
creating preprocessor file for system_NUC100Series.c...
creating preprocessor file for clk.c...
creating preprocessor file for spi.c...
compiling system_NUC100Series.c...
creating preprocessor file for gpio.c...
creating preprocessor file for main.c...
creating preprocessor file for SYS_init.c...
creating preprocessor file for LCD.c...
creating preprocessor file for Scankey.c...
compiling clk.c...
compiling uart.c...
compiling adc.c...
compiling sys.c...
compiling spi.c...
compiling gpio.c...
compiling pwm.c...
compiling SYS_init.c...
..\MCU_init.h(36): warning:  #1-D: last line of file ends without a newline
  #define PIN_PWM1_CH3_PE1
..\..\..\..\Library\Nu-LB-NUC140\Source\SYS_init.c: 1 warning, 0 errors
compiling main.c...
..\MCU_init.h(36): warning:  #1-D: last line of file ends without a newline
  #define PIN_PWM1_CH3_PE1
..\main.c(48): warning:  #177-D: variable "i"  was declared but never referenced
  	uint8_t i;
..\main.c(50): warning:  #177-D: variable "music"  was declared but never referenced
    int music[72] = {
..\main.c(58): warning:  #177-D: variable "pitch"  was declared but never referenced
    uint32_t pitch[72] = {
..\main.c: 4 warnings, 0 errors
compiling Scankey.c...
compiling LCD.c...
linking...
Program Size: Code=4160 RO-data=1056 RW-data=2080 ZI-data=2048  
After Build - User command #1: fromelf --bin ".\obj\LCD.axf" --output ".\obj\LCD.bin"
After Build - User command #2: fromelf --text -c ".\obj\LCD.axf" --output ".\obj\LCD.txt"
".\obj\LCD.axf" - 0 Error(s), 5 Warning(s).
Build Time Elapsed:  00:00:00
</pre>
</body>
</html>
