<html>
<body>
<pre>
<h1>µVision Build Log</h1>
<h2>Tool Versions:</h2>
IDE-Version: £gVision V5.35.0.0
Copyright (C) 2021 ARM Ltd and ARM Germany GmbH. All rights reserved.
License Information:  ,  , LIC=----
 
Tool Versions:
Toolchain:       MDK-Lite  Version: 5.35.0.2
Toolchain Path:  C:\Keil_v5\ARM\ARMCC\Bin
C Compiler:      Armcc.exe V5.06 update 7 (build 960)
Assembler:       Armasm.exe V5.06 update 7 (build 960)
Linker/Locator:  ArmLink.exe V5.06 update 7 (build 960)
Library Manager: ArmAr.exe V5.06 update 7 (build 960)
Hex Converter:   FromElf.exe V5.06 update 7 (build 960)
CPU DLL:         SARMCM3.DLL V5.35.0.2
Dialog DLL:      DARMCM1.DLL V1.19.4.0
Target DLL:      Nu_Link.dll V3.07
Dialog DLL:      TARMCM1.DLL V1.14.4.0
 
<h2>Project:</h2>
C:\Users\User\Desktop\Nu-LB-NUC140_BSP3.00.004_v1.4.5\SampleCode\Nu-LB-NUC140\UART_LCD_7seg_keypad\KEIL\Nu-LB-NUC140_TMR.uvproj
Project File Date:  12/08/2022

<h2>Output:</h2>
*** Using Compiler 'V5.06 update 7 (build 960)', folder: 'C:\Keil_v5\ARM\ARMCC\Bin'
Build target 'TMR'
creating preprocessor file for uart.c...
creating preprocessor file for SYS_init.c...
creating preprocessor file for spi.c...
creating preprocessor file for LCD.c...
creating preprocessor file for sys.c...
creating preprocessor file for clk.c...
creating preprocessor file for gpio.c...
creating preprocessor file for Seven_Segment_wang.c...
creating preprocessor file for system_NUC100Series.c...
creating preprocessor file for main.c...
creating preprocessor file for timer.c...
linking...
Program Size: Code=4660 RO-data=360 RW-data=2116 ZI-data=2084  
After Build - User command #1: fromelf --bin ".\obj\TMR_LED.axf" --output ".\obj\TMR_LED.bin"
After Build - User command #2: fromelf --text -c ".\obj\TMR_LED.axf" --output ".\obj\TMR_LED.txt"
".\obj\TMR_LED.axf" - 0 Error(s), 0 Warning(s).
Build Time Elapsed:  00:00:01
</pre>
</body>
</html>
